:AfterLife 001 client0 :Welcome to the Internet Relay Network, user0
:AfterLife 461 client0  :Not enough parameters
