:AfterLife 001 client0 :Welcome to the Internet Relay Network, user0
:AfterLife 462 client0 :You may not reregister
:AfterLife 001 client0 :Welcome to the Internet Relay Network, user0
