:AfterLife 001 client0 :Welcome to the Internet Relay Network, user0
:AfterLife 005 client0 NICKLEN=9 CHANTYPES=#& CHANMODES=oiklt :are supported by this server
:AfterLife 432 client0 123456789abc :Erroneus nickname
:AfterLife 431 client0 :No nickname given
:AfterLife 431 client0 :No nickname given
:AfterLife 432 client0 clie,nt0 :Erroneus nickname
:AfterLife 432 client0 clie@nt0 :Erroneus nickname
:AfterLife 432 client0 clie!nt0 :Erroneus nickname
:client0!user0@10.12.3.9 NICK :space
:AfterLife 433 space space :Nickname is already in use
:space!user0@10.12.3.9 NICK :space0
:space0!user0@10.12.3.9 NICK :Nspace
:AfterLife 431 Nspace :No nickname given
