:AfterLife 432 * clie,nt0 :Erroneous nickname
:AfterLife 432 * clie@nt0 :Erroneous nickname
:AfterLife 432 * clie!nt0 :Erroneous nickname
:AfterLife 001 client0 :Welcome to the Internet Relay Network, user0
:AfterLife 005 client0 NICKLEN=9 CHANTYPES=#& CHANMODES=oiklt :are supported by this server
