:AfterLife 001 client0 :Welcome to the Internet Relay Network, user0
:AfterLife 005 client0 NICKLEN=9 CHANTYPES=#& CHANMODES=oiklt :are supported by this server
:AfterLife 001 client1 :Welcome to the Internet Relay Network, user1
:AfterLife 005 client1 NICKLEN=9 CHANTYPES=#& CHANMODES=oiklt :are supported by this server
:client0!user0@10.12.3.8 JOIN #chan * :user0
:client1!user1@10.12.3.8 JOIN #chan * :user1
:client1!user1@10.12.3.8 JOIN #chan * :user1
:client0!user0@10.12.3.8 PART #chan :Leaving
:client0!user0@10.12.3.8 PART #chan :Leaving
:AfterLife 441 client0 #chan :They aren't on that channel
:AfterLife 482 client1 #chan :You're not channel operator
