:AfterLife 001 client0 :Welcome to the Internet Relay Network, user0
:AfterLife 464 client0 :Password incorrect
