:AfterLife 001 client0 :Welcome to the Internet Relay Network, user0
:AfterLife 491 client0 :No O-lines for your host
