:AfterLife 001 client0 :Welcome to the Internet Relay Network, user0
:AfterLife 412 client0 :No text to send
:AfterLife 403 client0 #nonexistentchannel :No such channel
