:AfterLife 001 client0 :Welcome to the Internet Relay Network, user0
:AfterLife 005 client0 NICKLEN=9 CHANTYPES=#& CHANMODES=oiklt :are supported by this server
:AfterLife 001 client1 :Welcome to the Internet Relay Network, user1
:AfterLife 005 client1 NICKLEN=9 CHANTYPES=#& CHANMODES=oiklt :are supported by this server
:client0!user0@10.12.3.9 JOIN #chan * :user0
:AfterLife 442 client1 #chan :You're not on that channel
