:AfterLife 001 client0 :Welcome to the Internet Relay Network, user0
:AfterLife 001 client1 :Welcome to the Internet Relay Network, user1
:client0!user0@10.14.3.10 JOIN #chan * :user0
#chan :No topic is set
:client0!user0@10.14.3.10 TOPIC #chan :new topic
#chan :new topic
